2026-09-02 10:01:11,619 GUI
